info: TEST LOG
info: 🚀 Server started
info: 🚀 Server started
info: 🚀 Server started
info: 🚀 Server started
info: 🚀 Server started
info: 🚀 Server started
info: 🚀 Server started
info: 🚀 Server started
info: 🚀 Server started
info: 🚀 Server started
info: 🚀 Server started
2026-04-27T16:20:12.671Z [INFO]: Server started on port 5000
2026-04-27T16:20:14.325Z [INFO]: Register attempt: waqar@test.com
2026-04-27T16:20:14.411Z [INFO]: Register success: waqar@test.com
2026-04-27T16:20:14.431Z [INFO]: Login attempt: waqar@test.com
2026-04-27T16:20:14.514Z [WARN]: Login failed: waqar@test.com
2026-04-27T16:20:14.530Z [INFO]: Login attempt: waqar@test.com
2026-04-27T16:20:14.616Z [INFO]: waqar@test.com is logged in
2026-04-27T16:22:19.996Z [INFO]: Server started on port 5000
2026-04-27T16:23:24.455Z [INFO]: Login attempt: waqar@test.com
2026-04-27T16:23:24.455Z [WARN]: Login failed: waqar@test.com
2026-04-27T16:23:48.635Z [INFO]: Register attempt: waqar@test.com
2026-04-27T16:23:48.719Z [INFO]: Register success: waqar@test.com
2026-04-27T16:23:51.833Z [INFO]: Login attempt: waqar@test.com
2026-04-27T16:23:51.920Z [INFO]: waqar@test.com is logged in
2026-04-27T16:27:23.431Z [INFO]: Login attempt: waqar@test.com
2026-04-27T16:27:23.517Z [INFO]: waqar@test.com is logged in
2026-04-27T16:30:06.070Z [INFO]: Server started on port 5000
2026-04-27T16:31:14.986Z [INFO]: Login attempt: waqar@123.com
2026-04-27T16:31:14.986Z [WARN]: Login failed: waqar@123.com
2026-04-27T16:31:32.208Z [INFO]: Register attempt: waqar@123.com
2026-04-27T16:31:32.297Z [INFO]: Register success: waqar@123.com
2026-04-27T16:31:38.574Z [INFO]: Login attempt: waqar@123.com
2026-04-27T16:31:38.665Z [INFO]: waqar@123.com is logged in
